scripts/cod-tools-version: No USAGE section
scripts/cod-tools-version: No OPTIONS section
