Sanity values:
42: in range
-420: not in range
420: in range
Test values:
test: not in range
inf: not in range
+inf: not in range
-inf: not in range
infinity: not in range
+infiNity: not in range
-infinity: not in range
NaN: not in range
+nan: not in range
-naN: not in range
