Data block 'neutral_item' is not marked as being on hold.
