Data block 'cod_retracted_entry_issues' is marked as retracted.
