Data block 'explicitly_suboptimal' is marked as suboptimal.
Data block 'explicitly_not_suboptimal' is marked as suboptimal.
