Data block '[local]_suboptimal' is marked as suboptimal.
Data block '[local]_not_suboptimal' is not marked as suboptimal.
Data block '[local]_invalid' is not marked as suboptimal.
