Data block 'theoretical_item_1' is not marked as describing a theoretically calculated entry.
