scripts/cif_ddl1_dic_check: tests/cases/cif_ddl1_dic_check_006.inp empty_category_[]: NOTE, category 'empty_category' does not have any related data item definitions.
