scripts/cif_ddlm_dic_print: tests/cases/cif_ddlm_dic_print_020.inp data_EXTENSION_DIC save_extension_import.enumeration_set: ERROR, save frame 'common_enumeration_values' from the 'enumeration_sets.cif' file could not be imported -- data item '_type.purpose' exists in both save frames.
scripts/cif_ddlm_dic_print: tests/cases/cif_ddlm_dic_print_020.inp data_EXTENSION_DIC save_extension_import.enumeration_set: ERROR, 1 ERROR(s) encountered -- die on ERROR(s) requested.
