4001780	4001780	4001780
_atom_site_type_symbol	_atom_site_symmetry_multiplicity	_atom_site_Wyckoff_symbol
Ba	4	c
Ba	4	c
Y	2	b
Y	2	a
Fe	2	a
Fe	2	b
O	2	b
O	4	c
O	4	c
O	2	b
O	2	b
O	2	a
O	2	a
O	2	a
O	2	a
