#\#CIF_2.0
data_MULTIPLE_SIMPLE_IMPORTS_DIC
_dictionary.title                MULTIPLE_SIMPLE_IMPORTS_DIC
_dictionary.class                Instance
_dictionary.version              1.0.0
_dictionary.date                 2019-03-28
_dictionary.uri
http://www.example.org/multiple_simple_imports.dic
_dictionary.ddl_conformance      3.11.10
_dictionary.namespace            MultipleSimpleImportsDic
_description.text
;
    This dictionary contains several non-HEAD 'Full' mode imports in the
    head category. The imported content itself does not import any other
    content. Used for testing purposes only. 
;
loop_
_dictionary_audit.version
_dictionary_audit.date
_dictionary_audit.revision
1.0.0 2019-03-28 'Creating the dictionary.'

save_MULTIPLE_SIMPLE_IMPORTS_PARENT
_definition.id                   MULTIPLE_SIMPLE_IMPORTS_PARENT
_definition.scope                Category
_definition.class                Head
_definition.update               2019-03-28
_description.text
;
    This category is parent of all other categories in the
    MULTIPLE_SIMPLE_IMPORTS_DIC dictionary.
;
_name.category_id                MULTIPLE_SIMPLE_IMPORTS_DIC
_name.object_id                  MULTIPLE_SIMPLE_IMPORTS_PARENT
save_

save_MULTIPLE_SIMPLE_IMPORTS_NATIVE
_definition.id                   MULTIPLE_SIMPLE_IMPORTS_NATIVE
_definition.scope                Category
_definition.class                Set
_definition.update               2019-03-28
_description.text
;
    A category that is defined in the importing dictionary itself.
;
_name.category_id                MULTIPLE_SIMPLE_IMPORTS_NATIVE
_name.object_id                  MULTIPLE_SIMPLE_IMPORTS_HEAD
save_

save_multiple_simple_imports_native.real_item
_definition.id                   '_multiple_simple_imports_native.real_item'
_definition.scope                Item
_definition.class                Attribute
_definition.update               2019-03-28
_description.text                'A simple floating-point item.'
_description.common              'A simple floating-point item.'
_name.category_id                multiple_simple_imports_native
_name.object_id                  real_item
_type.purpose                    Describe
_type.source                     Assigned
_type.container                  Single
_type.contents                   Real
save_

save_SIMPLE_LOOPED
_definition.id                   SIMPLE_LOOPED
_definition.scope                Category
_definition.class                Loop
_definition.update               2019-03-28
_description.text
;
    The category that contains looped data items.
;
_name.category_id                MULTIPLE_SIMPLE_IMPORTS_PARENT
_name.object_id                  SIMPLE_LOOPED
_category.key_id                 '_simple_looped.index_item'
_category_key.name               '_simple_looped.index_item'
save_

save_simple_looped.index_item
_definition.id                   '_simple_looped.index_item'
_definition.scope                Item
_definition.class                Attribute
_definition.update               2019-03-28
_description.text
;
     An index.
;
_description.common
;
     An index.
;
_name.category_id                simple_looped
_name.object_id                  index_item
_type.purpose                    Key
_type.source                     Assigned
_type.container                  Single
_type.contents                   Index
save_

save_simple_looped.real_item
_definition.id                   '_simple_looped.real_item'
_definition.scope                Item
_definition.class                Attribute
_definition.update               2019-03-28
_description.text                'A simple floating-point item.'
_description.common              'A simple floating-point item.'
_name.category_id                simple_looped
_name.object_id                  real_item
_type.purpose                    Describe
_type.source                     Assigned
_type.container                  Single
_type.contents                   Real
save_

save_simple_unlooped_subcategory.real_item
_definition.id                   '_simple_unlooped_subcategory.real_item'
_definition.scope                Item
_definition.class                Attribute
_definition.update               2019-03-28
_description.text
;
    A simple floating-point item in an unlooped subcategory.
;
_description.common
;
    A simple floating-point item in an unlooped subcategory.
;
_name.category_id                multiple_simple_imports_parent
_name.object_id                  real_item
_type.purpose                    Describe
_type.source                     Assigned
_type.container                  Single
_type.contents                   Real
save_
