scripts/cif_ddl1_dic_check: tests/cases/cif_ddl1_dic_check_002.inp: NOTE, data block code is not unique -- code 'on_this_dictionary' appears 2 times as ['on_this_dictionary', 'on_this_dictionary'].
scripts/cif_ddl1_dic_check: tests/cases/cif_ddl1_dic_check_002.inp: NOTE, more than one dictionary metadata data block located -- 2 data blocks are assigned the 'on_this_dictionary' block code.
