scripts/cif_ddlm_dic_check: tests/cases/cif_ddlm_dic_check_002.inp: more than one HEAD save frame located -- save frames ['HEAD_DIC_CATEGORY_1', 'HEAD_DIC_CATEGORY_2', 'HEAD_DIC_CATEGORY_3'] are marked as having the 'HEAD' definition class.
