scripts/cif_ddl1_dic_check: tests/cases/cif_ddl1_dic_check_024.inp: NOTE, data item '_test_non_unique_data_values_ref_sink' is referenced as a child item by data items ['_test_non_unique_data_values_list_link_child', '_test_non_unique_data_values_list_link_child'] -- data item should only have a single parent data item.
scripts/cif_ddl1_dic_check: tests/cases/cif_ddl1_dic_check_024.inp test_non_unique_data_values_name: NOTE, data item '_name' value '_test_non_unique_data_values_name' is needlessly repeated 2 times.
scripts/cif_ddl1_dic_check: tests/cases/cif_ddl1_dic_check_024.inp test_non_unique_data_values_name: NOTE, data item '_name' value '_test_non_unique_data_values_name_1' is needlessly repeated 2 times.
scripts/cif_ddl1_dic_check: tests/cases/cif_ddl1_dic_check_024.inp test_non_unique_data_values_enumeration: NOTE, data item '_enumeration' value 'Second test value' is needlessly repeated 2 times.
scripts/cif_ddl1_dic_check: tests/cases/cif_ddl1_dic_check_024.inp test_non_unique_data_values_type_conditions: NOTE, data item '_type_conditions' value 'su' is needlessly repeated 2 times.
scripts/cif_ddl1_dic_check: tests/cases/cif_ddl1_dic_check_024.inp test_non_unique_data_values_list_reference: NOTE, data item '_list_reference' value '_test_non_unique_data_values_ref_sink' is needlessly repeated 2 times.
scripts/cif_ddl1_dic_check: tests/cases/cif_ddl1_dic_check_024.inp test_non_unique_data_values_list_link_child: NOTE, data item '_list_link_child' value '_test_non_unique_data_values_ref_sink' is needlessly repeated 2 times.
scripts/cif_ddl1_dic_check: tests/cases/cif_ddl1_dic_check_024.inp test_non_unique_data_values_list_link_parent: NOTE, data item '_list_link_parent' value '_test_non_unique_data_values_ref_sink' is needlessly repeated 2 times.
scripts/cif_ddl1_dic_check: tests/cases/cif_ddl1_dic_check_024.inp test_non_unique_data_values_list_list_uniqueness: NOTE, data item '_list_uniqueness' value '_test_non_unique_data_values_ref_sink' is needlessly repeated 3 times.
