scripts/cif_ddlm_dic_print: ./tests/inputs/cif_ddlm_dic_print/nested-import-error-handling/error-in-both-dics/base.dic data_BASE_DIC save_base_import.enumeration_set: ERROR, save frame 'common_enumeration_values' from the 'enumeration_sets.cif' file could not be imported -- data item '_type.purpose' exists in both save frames.
scripts/cif_ddlm_dic_print: ./tests/inputs/cif_ddlm_dic_print/nested-import-error-handling/error-in-both-dics/base.dic data_BASE_DIC save_base_import.enumeration_set: ERROR, 1 ERROR(s) encountered -- die on ERROR(s) requested.
