scripts/cif_parse: tests/cases/cif_parse_014.inp: NOTE, 0 error(s) encountered while processing the file.
$datablock1 = {
  'cifversion' => {
    'major' => 2,
    'minor' => 0
  },
  'inloop' => {
    '_tag' => 0
  },
  'loops' => [
    [
      '_tag'
    ]
  ],
  'name' => '4',
  'precisions' => {
    '_tag' => [
      undef,
      {
        'x_1' => undef
      },
      '5',
      {
        'x_2' => undef
      },
      undef,
      [
        '3',
        undef
      ],
      {
        'x_3' => undef
      },
      {
        'x_4' => undef
      },
      {
        'x_5' => undef
      }
    ]
  },
  'save_blocks' => [],
  'tags' => [
    '_tag'
  ],
  'types' => {
    '_tag' => [
      'INT',
      {
        'x_1' => 'INT'
      },
      'INT',
      {
        'x_2' => 'INT'
      },
      'INT',
      [
        'INT',
        'UQSTRING'
      ],
      {
        'x_3' => 'INT'
      },
      {
        'x_4' => 'INT'
      },
      {
        'x_5' => 'INT'
      }
    ]
  },
  'values' => {
    '_tag' => [
      '1',
      {
        'x_1' => '1'
      },
      '3(5)',
      {
        'x_2' => '2'
      },
      '5',
      [
        '20(3)',
        'a'
      ],
      {
        'x_3' => '3'
      },
      {
        'x_4' => '4'
      },
      {
        'x_5' => '5'
      }
    ]
  }
};
