scripts/cif_validate: tests/cases/cif_validate_061.inp data_code: NOTE, data item '_category.date_item' value '1999-May-4' violates content type constraints -- the value should conform to the ISO standard date format <yyyy>-<mm>-<dd>.
scripts/cif_validate: tests/cases/cif_validate_061.inp data_code: NOTE, data item '_enum_category.index_item' value '5.3' violates content type constraints -- the value should be an unsigned non-zero integer.
scripts/cif_validate: tests/cases/cif_validate_061.inp data_code: NOTE, data item '_enum_category.text_item' value 'B' must be one of the enumeration values ['A', 'b', 'Å', 'Σ', 'xσx', 'xς', 'ß'].
scripts/cif_validate: tests/cases/cif_validate_061.inp data_code: NOTE, data item '_enum_category.text_item' value 'a' must be one of the enumeration values ['A', 'b', 'Å', 'Σ', 'xσx', 'xς', 'ß'].
scripts/cif_validate: tests/cases/cif_validate_061.inp data_code: NOTE, data item '_enum_category.text_item' value 'j' must be one of the enumeration values ['A', 'b', 'Å', 'Σ', 'xσx', 'xς', 'ß'].
