data_only_atom_site_label
loop_
_atom_site_label
H1
H2
C1
C2
F1
F2
Zn
