scripts/cif_ddl1_dic_check: tests/cases/cif_ddl1_dic_check_004.inp missing_mandatory_items_[]: NOTE, missing mandatory data item -- data item '_name' must be provided in a category definition data block.
scripts/cif_ddl1_dic_check: tests/cases/cif_ddl1_dic_check_004.inp missing_recommended_items_[]: NOTE, missing recommended data item -- data item '_definition' should be provided in a category definition data block.
scripts/cif_ddl1_dic_check: tests/cases/cif_ddl1_dic_check_004.inp extra_items_[]: NOTE, data item '_extra_definition_item' should not appear in a category definition data block.
scripts/cif_ddl1_dic_check: tests/cases/cif_ddl1_dic_check_004.inp no_parent_category_[]: NOTE, improper category definition -- the 'category_overview' parent category should be explicitly specified using the '_category' data item.
scripts/cif_ddl1_dic_check: tests/cases/cif_ddl1_dic_check_004.inp improper_parent_category_[]: NOTE, improper category definition -- data item '_category' value 'category_over_view' should be set to 'category_overview'.
scripts/cif_ddl1_dic_check: tests/cases/cif_ddl1_dic_check_004.inp no_type_[]: NOTE, improper category definition -- the 'null' data type should be explicitly specified using the '_type' data item.
scripts/cif_ddl1_dic_check: tests/cases/cif_ddl1_dic_check_004.inp improper_name: NOTE, improper category definition -- data item '_name' value '_improper_name' should end with an underscore and a pair of square brackets that may optionally enclose a code for the relevant dictionary extension, e.g. '_[]', '_[pd]'.
scripts/cif_ddl1_dic_check: tests/cases/cif_ddl1_dic_check_004.inp improper_type_[]: NOTE, definition of the parent category 'category_overview' could not be located.
scripts/cif_ddl1_dic_check: tests/cases/cif_ddl1_dic_check_004.inp no_type_improper_parent_category_[]: NOTE, missing mandatory data item -- data item '_type' must be provided in a data item definition data block.
scripts/cif_ddl1_dic_check: tests/cases/cif_ddl1_dic_check_004.inp no_type_improper_parent_category_[]: NOTE, definition of the parent category 'category_over_view' could not be located.
scripts/cif_ddl1_dic_check: tests/cases/cif_ddl1_dic_check_004.inp no_type_no_parent_category_improper_name_[]: NOTE, missing mandatory data item -- data item '_type' must be provided in a data item definition data block.
scripts/cif_ddl1_dic_check: tests/cases/cif_ddl1_dic_check_004.inp no_type_no_parent_category_improper_name_[]: NOTE, missing mandatory data item -- data item '_category' must be provided in a data item definition data block.
scripts/cif_ddl1_dic_check: tests/cases/cif_ddl1_dic_check_004.inp no_type_no_parent_category_no_name_[]: NOTE, missing mandatory data item -- data item '_name' must be provided in a data item definition data block.
scripts/cif_ddl1_dic_check: tests/cases/cif_ddl1_dic_check_004.inp no_type_no_parent_category_no_name_[]: NOTE, missing mandatory data item -- data item '_type' must be provided in a data item definition data block.
scripts/cif_ddl1_dic_check: tests/cases/cif_ddl1_dic_check_004.inp no_type_no_parent_category_no_name_[]: NOTE, missing mandatory data item -- data item '_category' must be provided in a data item definition data block.
