scripts/cif_validate:: ERROR, at least one dictionary file should be provided using the '--dictionaries', '--ddl1-dictionaries', '--ddlm-dictionaries' options. Automatic dictionary download is currently not implemented.
scripts/cif_validate:: ERROR, 1 ERROR(s) encountered -- die on ERROR(s) requested.
