scripts/ddlm_validate: tests/cases/ddlm_validate_077.inp data_[INVALID][1]_three_element_list: NOTE, data item '_complex_type.three_element_list' value '.' located at the data structure position '[1]' violates content type constraints -- the value should be an integer.
scripts/ddlm_validate: tests/cases/ddlm_validate_077.inp data_[INVALID][1]_three_element_list: NOTE, data item '_complex_type.three_element_list' value '.' located at the data structure position '[2]' violates content type constraints -- the value should be an integer.
scripts/ddlm_validate: tests/cases/ddlm_validate_077.inp data_[INVALID][1]_three_element_list: NOTE, data item '_complex_type.three_element_list' value '.' violates content type constraints -- the value should be an integer (5 times).
scripts/ddlm_validate: tests/cases/ddlm_validate_077.inp data_[INVALID][1]_three_element_list: NOTE, data item '_complex_type.three_element_list' value '.' with the loop index '10' must have a top level list container (i.e. [v1 v2 ...]).
scripts/ddlm_validate: tests/cases/ddlm_validate_077.inp data_[INVALID][1]_three_element_list: NOTE, data item '_complex_type.three_element_list' value '.' with the loop index '2' must have a top level list container (i.e. [v1 v2 ...]).
scripts/ddlm_validate: tests/cases/ddlm_validate_077.inp data_[INVALID][1]_three_element_list: NOTE, data item '_complex_type.three_element_list' value '.' with the loop index '4' must have a top level list container (i.e. [v1 v2 ...]).
scripts/ddlm_validate: tests/cases/ddlm_validate_077.inp data_[INVALID][1]_three_element_list: NOTE, data item '_complex_type.three_element_list' value '.' with the loop index '6' must have a top level list container (i.e. [v1 v2 ...]).
scripts/ddlm_validate: tests/cases/ddlm_validate_077.inp data_[INVALID][1]_three_element_list: NOTE, data item '_complex_type.three_element_list' value '.' with the loop index '8' must have a top level list container (i.e. [v1 v2 ...]).
scripts/ddlm_validate: tests/cases/ddlm_validate_077.inp data_[INVALID][1]_three_element_list: NOTE, data item '_complex_type.three_element_list' value '?' located at the data structure position '[0]' violates content type constraints -- the value should be an integer.
scripts/ddlm_validate: tests/cases/ddlm_validate_077.inp data_[INVALID][1]_three_element_list: NOTE, data item '_complex_type.three_element_list' value '?' violates content type constraints -- the value should be an integer (5 times).
scripts/ddlm_validate: tests/cases/ddlm_validate_077.inp data_[INVALID][1]_three_element_list: NOTE, data item '_complex_type.three_element_list' value '?' with the loop index '1' must have a top level list container (i.e. [v1 v2 ...]).
scripts/ddlm_validate: tests/cases/ddlm_validate_077.inp data_[INVALID][1]_three_element_list: NOTE, data item '_complex_type.three_element_list' value '?' with the loop index '3' must have a top level list container (i.e. [v1 v2 ...]).
scripts/ddlm_validate: tests/cases/ddlm_validate_077.inp data_[INVALID][1]_three_element_list: NOTE, data item '_complex_type.three_element_list' value '?' with the loop index '5' must have a top level list container (i.e. [v1 v2 ...]).
scripts/ddlm_validate: tests/cases/ddlm_validate_077.inp data_[INVALID][1]_three_element_list: NOTE, data item '_complex_type.three_element_list' value '?' with the loop index '7' must have a top level list container (i.e. [v1 v2 ...]).
scripts/ddlm_validate: tests/cases/ddlm_validate_077.inp data_[INVALID][1]_three_element_list: NOTE, data item '_complex_type.three_element_list' value '?' with the loop index '9' must have a top level list container (i.e. [v1 v2 ...]).
scripts/ddlm_validate: tests/cases/ddlm_validate_077.inp data_[INVALID][2]_matrix_3_by_4: NOTE, data item '_complex_type.matrix_3_by_4' value '.' located at the data structure position '[0]' violates content type constraints -- the value should be a floating-point real number.
scripts/ddlm_validate: tests/cases/ddlm_validate_077.inp data_[INVALID][2]_matrix_3_by_4: NOTE, data item '_complex_type.matrix_3_by_4' value '.' located at the data structure position '[1]' violates content type constraints -- the value should be a floating-point real number.
scripts/ddlm_validate: tests/cases/ddlm_validate_077.inp data_[INVALID][2]_matrix_3_by_4: NOTE, data item '_complex_type.matrix_3_by_4' value '.' located at the data structure position '[2]' violates content type constraints -- the value should be a floating-point real number (2 times).
scripts/ddlm_validate: tests/cases/ddlm_validate_077.inp data_[INVALID][2]_matrix_3_by_4: NOTE, data item '_complex_type.matrix_3_by_4' value '.' violates content type constraints -- the value should be a floating-point real number (5 times).
scripts/ddlm_validate: tests/cases/ddlm_validate_077.inp data_[INVALID][2]_matrix_3_by_4: NOTE, data item '_complex_type.matrix_3_by_4' value '.' with the loop index '10' must have a top level matrix container (i.e. [ [ v1_1 v1_2 ... ] [ v2_1 v2_2 ... ] ... ]).
scripts/ddlm_validate: tests/cases/ddlm_validate_077.inp data_[INVALID][2]_matrix_3_by_4: NOTE, data item '_complex_type.matrix_3_by_4' value '.' with the loop index '2' must have a top level matrix container (i.e. [ [ v1_1 v1_2 ... ] [ v2_1 v2_2 ... ] ... ]).
scripts/ddlm_validate: tests/cases/ddlm_validate_077.inp data_[INVALID][2]_matrix_3_by_4: NOTE, data item '_complex_type.matrix_3_by_4' value '.' with the loop index '4' must have a top level matrix container (i.e. [ [ v1_1 v1_2 ... ] [ v2_1 v2_2 ... ] ... ]).
scripts/ddlm_validate: tests/cases/ddlm_validate_077.inp data_[INVALID][2]_matrix_3_by_4: NOTE, data item '_complex_type.matrix_3_by_4' value '.' with the loop index '6' must have a top level matrix container (i.e. [ [ v1_1 v1_2 ... ] [ v2_1 v2_2 ... ] ... ]).
scripts/ddlm_validate: tests/cases/ddlm_validate_077.inp data_[INVALID][2]_matrix_3_by_4: NOTE, data item '_complex_type.matrix_3_by_4' value '.' with the loop index '8' must have a top level matrix container (i.e. [ [ v1_1 v1_2 ... ] [ v2_1 v2_2 ... ] ... ]).
scripts/ddlm_validate: tests/cases/ddlm_validate_077.inp data_[INVALID][2]_matrix_3_by_4: NOTE, data item '_complex_type.matrix_3_by_4' value '?' located at the data structure position '[0]' violates content type constraints -- the value should be a floating-point real number (2 times).
scripts/ddlm_validate: tests/cases/ddlm_validate_077.inp data_[INVALID][2]_matrix_3_by_4: NOTE, data item '_complex_type.matrix_3_by_4' value '?' located at the data structure position '[1]' violates content type constraints -- the value should be a floating-point real number.
scripts/ddlm_validate: tests/cases/ddlm_validate_077.inp data_[INVALID][2]_matrix_3_by_4: NOTE, data item '_complex_type.matrix_3_by_4' value '?' located at the data structure position '[2]' violates content type constraints -- the value should be a floating-point real number.
scripts/ddlm_validate: tests/cases/ddlm_validate_077.inp data_[INVALID][2]_matrix_3_by_4: NOTE, data item '_complex_type.matrix_3_by_4' value '?' violates content type constraints -- the value should be a floating-point real number (5 times).
scripts/ddlm_validate: tests/cases/ddlm_validate_077.inp data_[INVALID][2]_matrix_3_by_4: NOTE, data item '_complex_type.matrix_3_by_4' value '?' with the loop index '1' must have a top level matrix container (i.e. [ [ v1_1 v1_2 ... ] [ v2_1 v2_2 ... ] ... ]).
scripts/ddlm_validate: tests/cases/ddlm_validate_077.inp data_[INVALID][2]_matrix_3_by_4: NOTE, data item '_complex_type.matrix_3_by_4' value '?' with the loop index '3' must have a top level matrix container (i.e. [ [ v1_1 v1_2 ... ] [ v2_1 v2_2 ... ] ... ]).
scripts/ddlm_validate: tests/cases/ddlm_validate_077.inp data_[INVALID][2]_matrix_3_by_4: NOTE, data item '_complex_type.matrix_3_by_4' value '?' with the loop index '5' must have a top level matrix container (i.e. [ [ v1_1 v1_2 ... ] [ v2_1 v2_2 ... ] ... ]).
scripts/ddlm_validate: tests/cases/ddlm_validate_077.inp data_[INVALID][2]_matrix_3_by_4: NOTE, data item '_complex_type.matrix_3_by_4' value '?' with the loop index '7' must have a top level matrix container (i.e. [ [ v1_1 v1_2 ... ] [ v2_1 v2_2 ... ] ... ]).
scripts/ddlm_validate: tests/cases/ddlm_validate_077.inp data_[INVALID][2]_matrix_3_by_4: NOTE, data item '_complex_type.matrix_3_by_4' value '?' with the loop index '9' must have a top level matrix container (i.e. [ [ v1_1 v1_2 ... ] [ v2_1 v2_2 ... ] ... ]).
scripts/ddlm_validate: tests/cases/ddlm_validate_077.inp data_[INVALID][2]_matrix_3_by_4: NOTE, data item '_complex_type.matrix_3_by_4' value '[ ... ]' with the loop index '11' must have a top level matrix container (i.e. [ [ v1_1 v1_2 ... ] [ v2_1 v2_2 ... ] ... ]).
scripts/ddlm_validate: tests/cases/ddlm_validate_077.inp data_[INVALID][2]_matrix_3_by_4: NOTE, data item '_complex_type.matrix_3_by_4' value '[ ... ]' with the loop index '12' must have a top level matrix container (i.e. [ [ v1_1 v1_2 ... ] [ v2_1 v2_2 ... ] ... ]).
scripts/ddlm_validate: tests/cases/ddlm_validate_077.inp data_[INVALID][2]_matrix_3_by_4: NOTE, data item '_complex_type.matrix_3_by_4' value '[ ... ]' with the loop index '13' must have a top level matrix container (i.e. [ [ v1_1 v1_2 ... ] [ v2_1 v2_2 ... ] ... ]).
scripts/ddlm_validate: tests/cases/ddlm_validate_077.inp data_[INVALID][3]_list_of_four_element_lists: NOTE, data item '_complex_type.list_of_four_element_lists' value '.' located at the data structure position '[0]' violates content type constraints -- the value should be placed inside a list.
scripts/ddlm_validate: tests/cases/ddlm_validate_077.inp data_[INVALID][3]_list_of_four_element_lists: NOTE, data item '_complex_type.list_of_four_element_lists' value '.' located at the data structure position '[1]' violates content type constraints -- the value should be placed inside a list.
scripts/ddlm_validate: tests/cases/ddlm_validate_077.inp data_[INVALID][3]_list_of_four_element_lists: NOTE, data item '_complex_type.list_of_four_element_lists' value '.' located at the data structure position '[2]' violates content type constraints -- the value should be placed inside a list (2 times).
scripts/ddlm_validate: tests/cases/ddlm_validate_077.inp data_[INVALID][3]_list_of_four_element_lists: NOTE, data item '_complex_type.list_of_four_element_lists' value '.' violates content type constraints -- the value should be placed inside a list (5 times).
scripts/ddlm_validate: tests/cases/ddlm_validate_077.inp data_[INVALID][3]_list_of_four_element_lists: NOTE, data item '_complex_type.list_of_four_element_lists' value '.' with the loop index '10' must have a top level list container (i.e. [v1 v2 ...]).
scripts/ddlm_validate: tests/cases/ddlm_validate_077.inp data_[INVALID][3]_list_of_four_element_lists: NOTE, data item '_complex_type.list_of_four_element_lists' value '.' with the loop index '2' must have a top level list container (i.e. [v1 v2 ...]).
scripts/ddlm_validate: tests/cases/ddlm_validate_077.inp data_[INVALID][3]_list_of_four_element_lists: NOTE, data item '_complex_type.list_of_four_element_lists' value '.' with the loop index '4' must have a top level list container (i.e. [v1 v2 ...]).
scripts/ddlm_validate: tests/cases/ddlm_validate_077.inp data_[INVALID][3]_list_of_four_element_lists: NOTE, data item '_complex_type.list_of_four_element_lists' value '.' with the loop index '6' must have a top level list container (i.e. [v1 v2 ...]).
scripts/ddlm_validate: tests/cases/ddlm_validate_077.inp data_[INVALID][3]_list_of_four_element_lists: NOTE, data item '_complex_type.list_of_four_element_lists' value '.' with the loop index '8' must have a top level list container (i.e. [v1 v2 ...]).
scripts/ddlm_validate: tests/cases/ddlm_validate_077.inp data_[INVALID][3]_list_of_four_element_lists: NOTE, data item '_complex_type.list_of_four_element_lists' value '?' located at the data structure position '[0]' violates content type constraints -- the value should be placed inside a list (2 times).
scripts/ddlm_validate: tests/cases/ddlm_validate_077.inp data_[INVALID][3]_list_of_four_element_lists: NOTE, data item '_complex_type.list_of_four_element_lists' value '?' located at the data structure position '[1]' violates content type constraints -- the value should be placed inside a list.
scripts/ddlm_validate: tests/cases/ddlm_validate_077.inp data_[INVALID][3]_list_of_four_element_lists: NOTE, data item '_complex_type.list_of_four_element_lists' value '?' located at the data structure position '[2]' violates content type constraints -- the value should be placed inside a list.
scripts/ddlm_validate: tests/cases/ddlm_validate_077.inp data_[INVALID][3]_list_of_four_element_lists: NOTE, data item '_complex_type.list_of_four_element_lists' value '?' violates content type constraints -- the value should be placed inside a list (5 times).
scripts/ddlm_validate: tests/cases/ddlm_validate_077.inp data_[INVALID][3]_list_of_four_element_lists: NOTE, data item '_complex_type.list_of_four_element_lists' value '?' with the loop index '1' must have a top level list container (i.e. [v1 v2 ...]).
scripts/ddlm_validate: tests/cases/ddlm_validate_077.inp data_[INVALID][3]_list_of_four_element_lists: NOTE, data item '_complex_type.list_of_four_element_lists' value '?' with the loop index '3' must have a top level list container (i.e. [v1 v2 ...]).
scripts/ddlm_validate: tests/cases/ddlm_validate_077.inp data_[INVALID][3]_list_of_four_element_lists: NOTE, data item '_complex_type.list_of_four_element_lists' value '?' with the loop index '5' must have a top level list container (i.e. [v1 v2 ...]).
scripts/ddlm_validate: tests/cases/ddlm_validate_077.inp data_[INVALID][3]_list_of_four_element_lists: NOTE, data item '_complex_type.list_of_four_element_lists' value '?' with the loop index '7' must have a top level list container (i.e. [v1 v2 ...]).
scripts/ddlm_validate: tests/cases/ddlm_validate_077.inp data_[INVALID][3]_list_of_four_element_lists: NOTE, data item '_complex_type.list_of_four_element_lists' value '?' with the loop index '9' must have a top level list container (i.e. [v1 v2 ...]).
scripts/ddlm_validate: tests/cases/ddlm_validate_077.inp data_[INVALID][3]_list_of_four_element_lists: NOTE, data item '_complex_type.list_of_four_element_lists' value '[ ... ]' with the loop index '14' does not contain the required number of list elements (1 instead of 3).
