scripts/ddlm_validate: tests/cases/ddlm_validate_046.inp data_non_unique_composite_key: NOTE, data items ['_looped_typed_composite_category.integer', '_looped_typed_composite_category.code', '_looped_typed_composite_category.text', '_looped_typed_composite_category.real'] act as a composite loop key, but the associated data values are not collectively unique -- values ['3', 'c', 'text_3', '3'] appear 3 times as [['3', 'c', 'text_3', '0.3E+1'], ['3', 'C', 'text_3', '0.3E+1']].
scripts/ddlm_validate: tests/cases/ddlm_validate_046.inp data_incomplete_non_unique_composite_key: NOTE, data items ['_looped_typed_composite_category.integer', '_looped_typed_composite_category.code', '_looped_typed_composite_category.text'] act as a composite loop key, but the associated data values are not collectively unique -- values ['3', 'c', 'text_3'] appear 4 times as [['3', 'c', 'text_3'], ['3', 'C', 'text_3']].
scripts/ddlm_validate: tests/cases/ddlm_validate_046.inp data_incomplete_non_unique_composite_key: NOTE, missing category key data item -- the '_looped_typed_composite_category.real' data item must be provided in the loop containing the ['_looped_typed_composite_category.code', '_looped_typed_composite_category.integer', '_looped_typed_composite_category.placeholder_content', '_looped_typed_composite_category.text'] data items.
