nrepreset: 24
representatives:
    x,y,z
    x,-y,-z
    x,-z,y
    x,z,-y
    x,y,-z
    x,-y,z
    x,-z,-y
    x,z,y
    z,x,y
    z,-x,-y
    z,y,-x
    z,-y,x
    z,-y,-x
    z,y,x
    z,-x,y
    z,x,-y
    -y,z,x
    -y,-z,-x
    -y,x,-z
    -y,-x,z
    -y,-x,-z
    -y,x,z
    -y,-z,x
    -y,z,-x
nsymops:   192
symops:
    x,y,z
    x,-y,-z
    x,-z,y
    x,z,-y
    x,y,-z
    x,-y,z
    x,-z,-y
    x,z,y
    z,x,y
    z,-x,-y
    z,y,-x
    z,-y,x
    z,-y,-x
    z,y,x
    z,-x,y
    z,x,-y
    -y,z,x
    -y,-z,-x
    -y,x,-z
    -y,-x,z
    -y,-x,-z
    -y,x,z
    -y,-z,x
    -y,z,-x
    x,y+0.5,z+0.5
    x,-y+0.5,-z+0.5
    x,-z+0.5,y+0.5
    x,z+0.5,-y+0.5
    x,y+0.5,-z+0.5
    x,-y+0.5,z+0.5
    x,-z+0.5,-y+0.5
    x,z+0.5,y+0.5
    z,x+0.5,y+0.5
    z,-x+0.5,-y+0.5
    z,y+0.5,-x+0.5
    z,-y+0.5,x+0.5
    z,-y+0.5,-x+0.5
    z,y+0.5,x+0.5
    z,-x+0.5,y+0.5
    z,x+0.5,-y+0.5
    -y,z+0.5,x+0.5
    -y,-z+0.5,-x+0.5
    -y,x+0.5,-z+0.5
    -y,-x+0.5,z+0.5
    -y,-x+0.5,-z+0.5
    -y,x+0.5,z+0.5
    -y,-z+0.5,x+0.5
    -y,z+0.5,-x+0.5
    x+0.5,y,z+0.5
    x+0.5,-y,-z+0.5
    x+0.5,-z,y+0.5
    x+0.5,z,-y+0.5
    x+0.5,y,-z+0.5
    x+0.5,-y,z+0.5
    x+0.5,-z,-y+0.5
    x+0.5,z,y+0.5
    z+0.5,x,y+0.5
    z+0.5,-x,-y+0.5
    z+0.5,y,-x+0.5
    z+0.5,-y,x+0.5
    z+0.5,-y,-x+0.5
    z+0.5,y,x+0.5
    z+0.5,-x,y+0.5
    z+0.5,x,-y+0.5
    -y+0.5,z,x+0.5
    -y+0.5,-z,-x+0.5
    -y+0.5,x,-z+0.5
    -y+0.5,-x,z+0.5
    -y+0.5,-x,-z+0.5
    -y+0.5,x,z+0.5
    -y+0.5,-z,x+0.5
    -y+0.5,z,-x+0.5
    x+0.5,y+0.5,z
    x+0.5,-y+0.5,-z
    x+0.5,-z+0.5,y
    x+0.5,z+0.5,-y
    x+0.5,y+0.5,-z
    x+0.5,-y+0.5,z
    x+0.5,-z+0.5,-y
    x+0.5,z+0.5,y
    z+0.5,x+0.5,y
    z+0.5,-x+0.5,-y
    z+0.5,y+0.5,-x
    z+0.5,-y+0.5,x
    z+0.5,-y+0.5,-x
    z+0.5,y+0.5,x
    z+0.5,-x+0.5,y
    z+0.5,x+0.5,-y
    -y+0.5,z+0.5,x
    -y+0.5,-z+0.5,-x
    -y+0.5,x+0.5,-z
    -y+0.5,-x+0.5,z
    -y+0.5,-x+0.5,-z
    -y+0.5,x+0.5,z
    -y+0.5,-z+0.5,x
    -y+0.5,z+0.5,-x
    -x,-y,-z
    -x,y,z
    -x,z,-y
    -x,-z,y
    -x,-y,z
    -x,y,-z
    -x,z,y
    -x,-z,-y
    -z,-x,-y
    -z,x,y
    -z,-y,x
    -z,y,-x
    -z,y,x
    -z,-y,-x
    -z,x,-y
    -z,-x,y
    y,-z,-x
    y,z,x
    y,-x,z
    y,x,-z
    y,x,z
    y,-x,-z
    y,z,-x
    y,-z,x
    -x,-y+0.5,-z+0.5
    -x,y+0.5,z+0.5
    -x,z+0.5,-y+0.5
    -x,-z+0.5,y+0.5
    -x,-y+0.5,z+0.5
    -x,y+0.5,-z+0.5
    -x,z+0.5,y+0.5
    -x,-z+0.5,-y+0.5
    -z,-x+0.5,-y+0.5
    -z,x+0.5,y+0.5
    -z,-y+0.5,x+0.5
    -z,y+0.5,-x+0.5
    -z,y+0.5,x+0.5
    -z,-y+0.5,-x+0.5
    -z,x+0.5,-y+0.5
    -z,-x+0.5,y+0.5
    y,-z+0.5,-x+0.5
    y,z+0.5,x+0.5
    y,-x+0.5,z+0.5
    y,x+0.5,-z+0.5
    y,x+0.5,z+0.5
    y,-x+0.5,-z+0.5
    y,z+0.5,-x+0.5
    y,-z+0.5,x+0.5
    -x+0.5,-y,-z+0.5
    -x+0.5,y,z+0.5
    -x+0.5,z,-y+0.5
    -x+0.5,-z,y+0.5
    -x+0.5,-y,z+0.5
    -x+0.5,y,-z+0.5
    -x+0.5,z,y+0.5
    -x+0.5,-z,-y+0.5
    -z+0.5,-x,-y+0.5
    -z+0.5,x,y+0.5
    -z+0.5,-y,x+0.5
    -z+0.5,y,-x+0.5
    -z+0.5,y,x+0.5
    -z+0.5,-y,-x+0.5
    -z+0.5,x,-y+0.5
    -z+0.5,-x,y+0.5
    y+0.5,-z,-x+0.5
    y+0.5,z,x+0.5
    y+0.5,-x,z+0.5
    y+0.5,x,-z+0.5
    y+0.5,x,z+0.5
    y+0.5,-x,-z+0.5
    y+0.5,z,-x+0.5
    y+0.5,-z,x+0.5
    -x+0.5,-y+0.5,-z
    -x+0.5,y+0.5,z
    -x+0.5,z+0.5,-y
    -x+0.5,-z+0.5,y
    -x+0.5,-y+0.5,z
    -x+0.5,y+0.5,-z
    -x+0.5,z+0.5,y
    -x+0.5,-z+0.5,-y
    -z+0.5,-x+0.5,-y
    -z+0.5,x+0.5,y
    -z+0.5,-y+0.5,x
    -z+0.5,y+0.5,-x
    -z+0.5,y+0.5,x
    -z+0.5,-y+0.5,-x
    -z+0.5,x+0.5,-y
    -z+0.5,-x+0.5,y
    y+0.5,-z+0.5,-x
    y+0.5,z+0.5,x
    y+0.5,-x+0.5,z
    y+0.5,x+0.5,-z
    y+0.5,x+0.5,z
    y+0.5,-x+0.5,-z
    y+0.5,z+0.5,-x
    y+0.5,-z+0.5,x
inversion: 1
inversion translation: 0, 0, 0
centering: 0,0,0 0,0.5,0.5 0.5,0,0.5 0.5,0.5,0 
{
   "constraints" => "$a == $b && $b == $c && $alpha == 90 && $beta == 90 && $gamma == 90",
   "crystal_class" => "cubic",
   "hall" => "-F 4 2 3",
   "hermann_mauguin" => "F m -3 m",
   "ncsym" => [ "x,y,z", "-y,x,z", "-x,-y,z", "y,-x,z", "x,-y,-z", "y,x,-z", "-x,y,-z", "-y,-x,-z", "z,x,y", "-x,z,y", "-z,-x,y", "x,-z,y", "z,-x,-y", "x,z,-y", "-z,x,-y", "-x,-z,-y", "y,z,x", "y,-z,-x", "z,y,-x", "-y,z,-x", "-z,-y,-x", "-y,-z,x", "z,-y,x", "-z,y,x", "-x,-y,-z", "y,-x,-z", "x,y,-z", "-y,x,-z", "-x,y,z", "-y,-x,z", "x,-y,z", "y,x,z", "-z,-x,-y", "x,-z,-y", "z,x,-y", "-x,z,-y", "-z,x,y", "-x,-z,y", "z,-x,y", "x,z,y", "-y,-z,-x", "-y,z,x", "-z,-y,x", "y,-z,x", "z,y,x", "y,z,-x", "-z,y,-x", "z,-y,-x" ],
   "number" => "225",
   "schoenflies" => "Oh^5",
   "symops" => [
      #   0:
      "x,y,z",
      #   1:
      "-y,x,z",
      #   2:
      "-x,-y,z",
      #   3:
      "y,-x,z",
      #   4:
      "x,-y,-z",
      #   5:
      "y,x,-z",
      #   6:
      "-x,y,-z",
      #   7:
      "-y,-x,-z",
      #   8:
      "z,x,y",
      #   9:
      "-x,z,y",
      #  10:
      "-z,-x,y",
      #  11:
      "x,-z,y",
      #  12:
      "z,-x,-y",
      #  13:
      "x,z,-y",
      #  14:
      "-z,x,-y",
      #  15:
      "-x,-z,-y",
      #  16:
      "y,z,x",
      #  17:
      "y,-z,-x",
      #  18:
      "z,y,-x",
      #  19:
      "-y,z,-x",
      #  20:
      "-z,-y,-x",
      #  21:
      "-y,-z,x",
      #  22:
      "z,-y,x",
      #  23:
      "-z,y,x",
      #  24:
      "-x,-y,-z",
      #  25:
      "y,-x,-z",
      #  26:
      "x,y,-z",
      #  27:
      "-y,x,-z",
      #  28:
      "-x,y,z",
      #  29:
      "-y,-x,z",
      #  30:
      "x,-y,z",
      #  31:
      "y,x,z",
      #  32:
      "-z,-x,-y",
      #  33:
      "x,-z,-y",
      #  34:
      "z,x,-y",
      #  35:
      "-x,z,-y",
      #  36:
      "-z,x,y",
      #  37:
      "-x,-z,y",
      #  38:
      "z,-x,y",
      #  39:
      "x,z,y",
      #  40:
      "-y,-z,-x",
      #  41:
      "-y,z,x",
      #  42:
      "-z,-y,x",
      #  43:
      "y,-z,x",
      #  44:
      "z,y,x",
      #  45:
      "y,z,-x",
      #  46:
      "-z,y,-x",
      #  47:
      "z,-y,-x",
      #  48:
      "x,y+1/2,z+1/2",
      #  49:
      "-y,x+1/2,z+1/2",
      #  50:
      "-x,-y+1/2,z+1/2",
      #  51:
      "y,-x+1/2,z+1/2",
      #  52:
      "x,-y+1/2,-z+1/2",
      #  53:
      "y,x+1/2,-z+1/2",
      #  54:
      "-x,y+1/2,-z+1/2",
      #  55:
      "-y,-x+1/2,-z+1/2",
      #  56:
      "z,x+1/2,y+1/2",
      #  57:
      "-x,z+1/2,y+1/2",
      #  58:
      "-z,-x+1/2,y+1/2",
      #  59:
      "x,-z+1/2,y+1/2",
      #  60:
      "z,-x+1/2,-y+1/2",
      #  61:
      "x,z+1/2,-y+1/2",
      #  62:
      "-z,x+1/2,-y+1/2",
      #  63:
      "-x,-z+1/2,-y+1/2",
      #  64:
      "y,z+1/2,x+1/2",
      #  65:
      "y,-z+1/2,-x+1/2",
      #  66:
      "z,y+1/2,-x+1/2",
      #  67:
      "-y,z+1/2,-x+1/2",
      #  68:
      "-z,-y+1/2,-x+1/2",
      #  69:
      "-y,-z+1/2,x+1/2",
      #  70:
      "z,-y+1/2,x+1/2",
      #  71:
      "-z,y+1/2,x+1/2",
      #  72:
      "-x,-y+1/2,-z+1/2",
      #  73:
      "y,-x+1/2,-z+1/2",
      #  74:
      "x,y+1/2,-z+1/2",
      #  75:
      "-y,x+1/2,-z+1/2",
      #  76:
      "-x,y+1/2,z+1/2",
      #  77:
      "-y,-x+1/2,z+1/2",
      #  78:
      "x,-y+1/2,z+1/2",
      #  79:
      "y,x+1/2,z+1/2",
      #  80:
      "-z,-x+1/2,-y+1/2",
      #  81:
      "x,-z+1/2,-y+1/2",
      #  82:
      "z,x+1/2,-y+1/2",
      #  83:
      "-x,z+1/2,-y+1/2",
      #  84:
      "-z,x+1/2,y+1/2",
      #  85:
      "-x,-z+1/2,y+1/2",
      #  86:
      "z,-x+1/2,y+1/2",
      #  87:
      "x,z+1/2,y+1/2",
      #  88:
      "-y,-z+1/2,-x+1/2",
      #  89:
      "-y,z+1/2,x+1/2",
      #  90:
      "-z,-y+1/2,x+1/2",
      #  91:
      "y,-z+1/2,x+1/2",
      #  92:
      "z,y+1/2,x+1/2",
      #  93:
      "y,z+1/2,-x+1/2",
      #  94:
      "-z,y+1/2,-x+1/2",
      #  95:
      "z,-y+1/2,-x+1/2",
      #  96:
      "x+1/2,y,z+1/2",
      #  97:
      "-y+1/2,x,z+1/2",
      #  98:
      "-x+1/2,-y,z+1/2",
      #  99:
      "y+1/2,-x,z+1/2",
      # 100:
      "x+1/2,-y,-z+1/2",
      # 101:
      "y+1/2,x,-z+1/2",
      # 102:
      "-x+1/2,y,-z+1/2",
      # 103:
      "-y+1/2,-x,-z+1/2",
      # 104:
      "z+1/2,x,y+1/2",
      # 105:
      "-x+1/2,z,y+1/2",
      # 106:
      "-z+1/2,-x,y+1/2",
      # 107:
      "x+1/2,-z,y+1/2",
      # 108:
      "z+1/2,-x,-y+1/2",
      # 109:
      "x+1/2,z,-y+1/2",
      # 110:
      "-z+1/2,x,-y+1/2",
      # 111:
      "-x+1/2,-z,-y+1/2",
      # 112:
      "y+1/2,z,x+1/2",
      # 113:
      "y+1/2,-z,-x+1/2",
      # 114:
      "z+1/2,y,-x+1/2",
      # 115:
      "-y+1/2,z,-x+1/2",
      # 116:
      "-z+1/2,-y,-x+1/2",
      # 117:
      "-y+1/2,-z,x+1/2",
      # 118:
      "z+1/2,-y,x+1/2",
      # 119:
      "-z+1/2,y,x+1/2",
      # 120:
      "-x+1/2,-y,-z+1/2",
      # 121:
      "y+1/2,-x,-z+1/2",
      # 122:
      "x+1/2,y,-z+1/2",
      # 123:
      "-y+1/2,x,-z+1/2",
      # 124:
      "-x+1/2,y,z+1/2",
      # 125:
      "-y+1/2,-x,z+1/2",
      # 126:
      "x+1/2,-y,z+1/2",
      # 127:
      "y+1/2,x,z+1/2",
      # 128:
      "-z+1/2,-x,-y+1/2",
      # 129:
      "x+1/2,-z,-y+1/2",
      # 130:
      "z+1/2,x,-y+1/2",
      # 131:
      "-x+1/2,z,-y+1/2",
      # 132:
      "-z+1/2,x,y+1/2",
      # 133:
      "-x+1/2,-z,y+1/2",
      # 134:
      "z+1/2,-x,y+1/2",
      # 135:
      "x+1/2,z,y+1/2",
      # 136:
      "-y+1/2,-z,-x+1/2",
      # 137:
      "-y+1/2,z,x+1/2",
      # 138:
      "-z+1/2,-y,x+1/2",
      # 139:
      "y+1/2,-z,x+1/2",
      # 140:
      "z+1/2,y,x+1/2",
      # 141:
      "y+1/2,z,-x+1/2",
      # 142:
      "-z+1/2,y,-x+1/2",
      # 143:
      "z+1/2,-y,-x+1/2",
      # 144:
      "x+1/2,y+1/2,z",
      # 145:
      "-y+1/2,x+1/2,z",
      # 146:
      "-x+1/2,-y+1/2,z",
      # 147:
      "y+1/2,-x+1/2,z",
      # 148:
      "x+1/2,-y+1/2,-z",
      # 149:
      "y+1/2,x+1/2,-z",
      # 150:
      "-x+1/2,y+1/2,-z",
      # 151:
      "-y+1/2,-x+1/2,-z",
      # 152:
      "z+1/2,x+1/2,y",
      # 153:
      "-x+1/2,z+1/2,y",
      # 154:
      "-z+1/2,-x+1/2,y",
      # 155:
      "x+1/2,-z+1/2,y",
      # 156:
      "z+1/2,-x+1/2,-y",
      # 157:
      "x+1/2,z+1/2,-y",
      # 158:
      "-z+1/2,x+1/2,-y",
      # 159:
      "-x+1/2,-z+1/2,-y",
      # 160:
      "y+1/2,z+1/2,x",
      # 161:
      "y+1/2,-z+1/2,-x",
      # 162:
      "z+1/2,y+1/2,-x",
      # 163:
      "-y+1/2,z+1/2,-x",
      # 164:
      "-z+1/2,-y+1/2,-x",
      # 165:
      "-y+1/2,-z+1/2,x",
      # 166:
      "z+1/2,-y+1/2,x",
      # 167:
      "-z+1/2,y+1/2,x",
      # 168:
      "-x+1/2,-y+1/2,-z",
      # 169:
      "y+1/2,-x+1/2,-z",
      # 170:
      "x+1/2,y+1/2,-z",
      # 171:
      "-y+1/2,x+1/2,-z",
      # 172:
      "-x+1/2,y+1/2,z",
      # 173:
      "-y+1/2,-x+1/2,z",
      # 174:
      "x+1/2,-y+1/2,z",
      # 175:
      "y+1/2,x+1/2,z",
      # 176:
      "-z+1/2,-x+1/2,-y",
      # 177:
      "x+1/2,-z+1/2,-y",
      # 178:
      "z+1/2,x+1/2,-y",
      # 179:
      "-x+1/2,z+1/2,-y",
      # 180:
      "-z+1/2,x+1/2,y",
      # 181:
      "-x+1/2,-z+1/2,y",
      # 182:
      "z+1/2,-x+1/2,y",
      # 183:
      "x+1/2,z+1/2,y",
      # 184:
      "-y+1/2,-z+1/2,-x",
      # 185:
      "-y+1/2,z+1/2,x",
      # 186:
      "-z+1/2,-y+1/2,x",
      # 187:
      "y+1/2,-z+1/2,x",
      # 188:
      "z+1/2,y+1/2,x",
      # 189:
      "y+1/2,z+1/2,-x",
      # 190:
      "-z+1/2,y+1/2,-x",
      # 191:
      "z+1/2,-y+1/2,-x",
   ],
   "universal_h_m" => "F m -3 m",
},
#-------------------------
