data_degree_sign_and_letter_A_with_a_ring_above
loop_
_encodable_string_value
_encodable_string_comment
\%     'A single degree sign'
'\% '  'Degree sign followed by a white space'
\%C    'Degree sign followed by a regular character'
100\%  'Degree sign following regular characters'
100\%C 'Degree sign in between regular characters'
\%\%   'Several consecutive degree signs'
'\%x\%yy \%zzz\%' 'Multiple degree signs in a single string'

\%A    'A single capital letter A with a ring above'
'\%A ' 'Capital letter A with a ring above followed by a white space'
\%Ant  'Capital letter A with a ring above followed by regular characters'
R\%At  'Capital letter A with a ring above in between regular characters'
\%A\%A 'Several consecutive instances of the capital letter A with a ring above'
'\%Ax\%Ayy \%Azzz\%A'
;
 Multiple instances of the capital letter A with a ring above in a single string
;

\%a    'A single small letter A with a ring above'
'\%a ' 'Small letter A with a ring above followed by a white space'
\%ant  'Small letter A with a ring above followed by regular characters'
R\%at  'Small letter A with a ring above in between regular characters'
\%a\%a 'Several consecutive instances of the small letter A with a ring above'
'\%ax\%ayy \%azzz\%a'
;
 Multiple instances of the small letter A with a ring above in a single string
;

'\%ax\%Ayy \% \%azz \%z\%a \%A\%'
;
 Multiple instances of the degree sign, capital letter A with a ring above
 and small letter a with a ring above in a single string
;
