[{'name': 'deeply_nested', 'tags': ['_sudėtinga_struktūra'], 'values': {'_sudėtinga_struktūra': [{'Katė': [{'Pelė': {'Žalia': 'žolė'}}]}]}, 'types': {'_sudėtinga_struktūra': [{'Katė': [{'Pelė': {'Žalia': 'UQSTRING'}}]}]}, 'inloop': {}, 'loops': [], 'save_blocks': [], 'cifversion': {'major': 2, 'minor': 0}, 'precisions': {}}]
