$VAR1 = {
          'name' => 'DDL_DIC',
          'uri' => 'www.iucr.org/cif/dic/ddl.dic',
          'version' => '3.11.09'
        };
