Data block 'neutral_item' has an undefined status.
