WARNING, name '  John   Doe  ' contains leading and trailing spaces that are not permitted in names
WARNING, name '  John   Doe  ' contains leading and trailing spaces that are not permitted in names
WARNING, name '  John   Doe  ' contains leading and trailing spaces that are not permitted in names
WARNING, name '  John   Doe  ' contains leading and trailing spaces that are not permitted in names
WARNING, name '  John   Doe  ' contains leading and trailing spaces that are not permitted in names
WARNING, name '  John   Doe  ' contains leading and trailing spaces that are not permitted in names
Without any options
	'A. B. Doe' and 'A B Doe' are not the same
	'A. B. Doe' and 'Adam Bob Doe' are not the same
	'A. B. Doe' and 'Doe, Adam B.' are not the same
	'Doe, A. B.' and 'A B Doe' are not the same
	'Doe, A. B.' and 'Adam Bob Doe' are not the same
	'Doe, A. B.' and 'Doe, Adam B.' are not the same
	'A B Doe' and 'Adam Bob Doe' are not the same
	'A B Doe' and 'Doe, Adam B.' are not the same
	'Adam Bob Doe' and 'Doe, Adam B.' are not the same
	'Sąžininga Žąsis' and 'Zasis, Sazininga' are not the same
Transliterate non-ASCII
	'A. B. Doe' and 'A B Doe' are not the same
	'A. B. Doe' and 'Adam Bob Doe' are not the same
	'A. B. Doe' and 'Doe, Adam B.' are not the same
	'Doe, A. B.' and 'A B Doe' are not the same
	'Doe, A. B.' and 'Adam Bob Doe' are not the same
	'Doe, A. B.' and 'Doe, Adam B.' are not the same
	'A B Doe' and 'Adam Bob Doe' are not the same
	'A B Doe' and 'Doe, Adam B.' are not the same
	'Adam Bob Doe' and 'Doe, Adam B.' are not the same
Names to initials
	'Sąžininga Žąsis' and 'Zasis, Sazininga' are not the same
