1	0	0	0	0	0	0	0	0	0	-3.23986181148
0	1	0	0	0	0	0	0	0	0	-1.01094656308
0	0	1	0	0	0	0	0	0	0	2.32349978431
0	0	0	1	0	0	0	0	0	0	5.86064903409
0	0	0	0	1	0	0	0	0	0	-5.25063029672
0	0	0	0	0	1	0	0	0	0	-4.02200950969
0	0	0	0	0	0	1	0	0	0	1.81479590292
0	0	0	0	0	0	0	1	0	0	2.33995747768
0	0	0	0	0	0	0	0	1	0	3.84069237005
0	0	0	0	0	0	0	0	0	1	-4.87136706452
