Data block 'cod_warnings_entry_issues' contains warnings.
