Data block 'cod_errors_entry_issues' contains errors.
