scripts/cif_validate: tests/cases/cif_validate_060.inp data_SIMPLE_CONTENTS_IMPORT_DIC save_simple_contents_import_native.imported_real_content_type: NOTE, data item '_definition.update' value 'Date' violates content type constraints -- the value should conform to the ISO standard date format <yyyy>-<mm>-<dd>.
