scripts/cif_validate: tests/inputs/cif_validate/dic/ddl1/faulty/ddl1_faulty_incomplete_enumeration_loop.dic data_ddl1_dic_merge_test_faulty_enum: WARNING, data items ['_enumeration', '_enumeration_detail'] were not merged into the base definition of the '_ddl1_dic_merge_test_enum' data item due to issues in the definition data block -- data item '_enumeration_detail' appears in a data block that does not contain the associated looped list reference data item '_enumeration'.
scripts/cif_validate: tests/inputs/cif_validate/dic/ddl1/faulty/ddl1_faulty_incomplete_enumeration_loop.dic data_ddl1_dic_merge_test_faulty_enum: ERROR, 1 WARNING(s) encountered -- die on WARNING(s) requested.
