scripts/cif_select: tests/cases/cif_select_014.inp data_4001780: ERROR, cannot output results in tabular format with data items as columns -- not all of the selected data items have the same number of values.
scripts/cif_select: tests/cases/cif_select_014.inp data_4001780: ERROR, 1 ERROR(s) encountered -- die on ERROR(s) requested.
