scripts/cif_ddlm_dic_print: tests/cases/cif_ddlm_dic_print_013.inp data_SIMPLE_ON_DUPLICATE_UNRECOGNISED_DIC save_SIMPLE_FULL_ITEM_IMPORT_CATEGORY: ERROR, save frame 'simple_full_item_import_category.duplicate_item' from the 'imported_item.dic' file could not be imported -- import property 'dupl' value 'Unrecognised mode' must be one of the supported values ['Ignore', 'Replace', 'Exit'].
scripts/cif_ddlm_dic_print: tests/cases/cif_ddlm_dic_print_013.inp data_SIMPLE_ON_DUPLICATE_UNRECOGNISED_DIC save_SIMPLE_FULL_ITEM_IMPORT_CATEGORY: ERROR, 1 ERROR(s) encountered -- die on ERROR(s) requested.
