scripts/cif_ddlm_dic_check: tests/cases/cif_ddlm_dic_check_012.inp data_FAKE_DUPLICATE_SAVE_FRAME_DIC: save frame code is not unique -- save frame 'save_duplicate_save_frame_code' appears 2 times as ['DUPLICATE_SAVE_FRAME_CODE', 'DUPLICATE_SAVE_FRAME_CODE'].
scripts/cif_ddlm_dic_check: tests/cases/cif_ddlm_dic_check_012.inp data_FAKE_DUPLICATE_SAVE_FRAME_DIC: save frame code is not unique -- save frame 'save_duplicate_save_frame_code.matching_case' appears 3 times as ['duplicate_save_frame_code.matching_case', 'duplicate_save_frame_code.matching_case', 'duplicate_save_frame_code.matching_case'].
scripts/cif_ddlm_dic_check: tests/cases/cif_ddlm_dic_check_012.inp data_FAKE_DUPLICATE_SAVE_FRAME_DIC: save frame code is not unique -- save frame 'save_duplicate_save_frame_code.mismatching_case' appears 2 times as ['duplicate_save_frame_code.mismatching_case', 'duplicate_save_frame_code.MiSmAtChInG_CaSe'].
