scripts/ddlm_validate: tests/cases/ddlm_validate_058.inp data_non_measurand_with_par_su: NOTE, data item '_measurand_looped_category.index_item' value '5(1)' is not permitted to contain the appended standard uncertainty value '(1)'.
scripts/ddlm_validate: tests/cases/ddlm_validate_058.inp data_non_measurand_with_par_su: NOTE, data item '_measurand_looped_category.numeric_item' value '1(2)' is not permitted to contain the appended standard uncertainty value '(2)'.
scripts/ddlm_validate: tests/cases/ddlm_validate_058.inp data_non_measurand_with_par_su: NOTE, data item '_measurand_looped_category.numeric_item' value '3.5(2)' is not permitted to contain the appended standard uncertainty value '(2)'.
