nrepreset: 4
representatives:
    x,y,z
    -x,z,y
    -x,y,z
    x,z,y
nsymops:   8
symops:
    x,y,z
    -x,z,y
    -x,y,z
    x,z,y
    -x,-y+0.5,-z+0.5
    x,-z+0.5,-y+0.5
    x,-y+0.5,-z+0.5
    -x,-z+0.5,-y+0.5
inversion: 1
inversion translation: 0, 0.5, 0.5
centering: 0,0,0 
scripts/symop_build_spacegroup: spacegroup could not be identified
