scripts/cif_compare_dics:: WARNING, data name '_test_unique_data_items.ddlm_only' is defined in the 'ddlm_unique_data_items.dic' DDLm dictionary, but seems to be missing in the 'ddl1_unique_data_items.dic' DDL1 dictionary.
scripts/cif_compare_dics:: WARNING, data name '_test_unique_data_items.ddlm_only_alias' is defined in the 'ddlm_unique_data_items.dic' DDLm dictionary, but seems to be missing in the 'ddl1_unique_data_items.dic' DDL1 dictionary.
