scripts/cif_sort_atoms: tests/cases/cif_sort_atoms_015.inp data_only_atom_site_label: WARNING, unknown chemical type '1F'.
scripts/cif_sort_atoms: tests/cases/cif_sort_atoms_015.inp data_only_atom_site_label: WARNING, unknown chemical type '1H'.
scripts/cif_sort_atoms: tests/cases/cif_sort_atoms_015.inp data_only_atom_site_label: WARNING, unknown chemical type '1C'.
scripts/cif_sort_atoms: tests/cases/cif_sort_atoms_015.inp data_only_atom_site_label: WARNING, unknown chemical type '2H'.
scripts/cif_sort_atoms: tests/cases/cif_sort_atoms_015.inp data_only_atom_site_label: WARNING, unknown chemical type '2C'.
data_only_atom_site_label
loop_
_atom_site_label
H2
C2
F2
Zn
1C
1F
1H
2C
2H
