data_hydrogen_isotopes
loop_
_atom_site_label
_atom_site_type_symbol
D1 D
D2 D
D3 D
H1 H
H2 H
H3 H
C1 C
C2 C
C3 C
C4 C
