scripts/cif_cod_check: tests/cases/cif_cod_check_109.inp data_global: WARNING, name 'O’Connor, Abby R.' contains symbol '’' that is not permitted in names.
scripts/cif_cod_check: tests/cases/cif_cod_check_109.inp data_global: NOTE, names should be written as 'First von Last', 'von Last, First', or 'von Last, Jr, First' (mind the case!).
scripts/cif_cod_check: tests/cases/cif_cod_check_109.inp: NOTE, 1 NOTE(s) encountered.
scripts/cif_cod_check: tests/cases/cif_cod_check_109.inp: NOTE, 1 WARNING(s) encountered.
