scripts/ddlm_validate: tests/cases/ddlm_validate_014.inp data_FAKE_ENUM_DIC save_enum_category.invalid_code_item: NOTE, data item '_enumeration.default' value 'Not valid' violates content type constraints -- the ' ' symbol does not belong to the permitted symbol set.
