scripts/ddlm_validate: tests/cases/ddlm_validate_056.inp data_differing_unlooped_aliases: NOTE, incorrect usage of data item aliases -- data names ['_unlooped_alias_category.datetime_item', '_unlooped_alias_category.datetime_item_alt'] refer to the same data item, but have differing values ['2018-08-01T12&colon;03&colon;34+03&colon;00', '2018-08-01'].
scripts/ddlm_validate: tests/cases/ddlm_validate_056.inp data_differing_unlooped_aliases: NOTE, incorrect usage of data item aliases -- data names ['_unlooped_alias_category.real_item', '_unlooped_alias_category.real_item_alt_1', '_unlooped_alias_category.real_item_alt_2', '_unlooped_alias_category.real_item_alt_3'] refer to the same data item, but have differing values ['1.2', '2.1', '1.20', '1.2'].
scripts/ddlm_validate: tests/cases/ddlm_validate_056.inp data_differing_unlooped_aliases: NOTE, incorrect usage of data item aliases -- data names ['_unlooped_alias_category.text_item', '_unlooped_alias_category.text_item_alt'] refer to the same data item, but have differing values ['Even the case matters', 'even the case matters'].
scripts/ddlm_validate: tests/cases/ddlm_validate_056.inp data_differing_su_unlooped_aliases: NOTE, incorrect usage of data item aliases -- data names ['_unlooped_alias_category.real_item', '_unlooped_alias_category.real_item_alt_1'] refer to the same data item, but have differing values ['1.2(2)', '1.2(1)'].
