scripts/ddlm_validate: tests/cases/ddlm_validate_042.inp data_missing_category_key: NOTE, missing category key data item -- the '_looped_index_category.key' data item must be provided in the loop containing the ['_looped_index_category.placeholder_content'] data items.
scripts/ddlm_validate: tests/cases/ddlm_validate_042.inp data_single_unlooped_entry: NOTE, missing category key data item -- the '_looped_index_category.key' data item must be provided in the loop containing the ['_looped_index_category.placeholder_content'] data items.
scripts/ddlm_validate: tests/cases/ddlm_validate_042.inp data_single_looped_entry: NOTE, missing category key data item -- the '_looped_index_category.key' data item must be provided in the loop containing the ['_looped_index_category.placeholder_content'] data items.
