scripts/ddlm_validate: tests/cases/ddlm_validate_037.inp data_linked_link_purpose: NOTE, data item '_unlooped_linked_category.singular_item' contains value '5' that was not found among the values of the linked data item '_main_category.index_item'.
